Archive member included to satisfy reference by file (symbol)

c:/avr-gcc-5/bin/../lib/gcc/avr/5.2.1/avr51\libgcc.a(_udivmodhi4.o)
                              stk500.o (__udivmodhi4)
c:/avr-gcc-5/bin/../lib/gcc/avr/5.2.1/avr51\libgcc.a(_udivmodsi4.o)
                              system.o (__udivmodsi4)
c:/avr-gcc-5/bin/../lib/gcc/avr/5.2.1/avr51\libgcc.a(_exit.o)
                              c:/avr-gcc-5/bin/../lib/gcc/avr/5.2.1/../../../../avr/lib/avr51/crtatmega1284p.o (exit)
c:/avr-gcc-5/bin/../lib/gcc/avr/5.2.1/avr51\libgcc.a(_copy_data.o)
                              mainbl.o (__do_copy_data)
c:/avr-gcc-5/bin/../lib/gcc/avr/5.2.1/avr51\libgcc.a(_clear_bss.o)
                              mainbl.o (__do_clear_bss)
c:/avr-gcc-5/bin/../lib/gcc/avr/5.2.1/avr51\libgcc.a(_bswapsi2.o)
                              stk500.o (__bswapsi2)
c:/avr-gcc-5/bin/../lib/gcc/avr/5.2.1/avr51\libgcc.a(_umulhisi3.o)
                              system.o (__umulhisi3)
c:/avr-gcc-5/bin/../lib/gcc/avr/5.2.1/../../../../avr/lib/avr51\libc.a(fgetc.o)
                              mainbl.o (fgetc)
c:/avr-gcc-5/bin/../lib/gcc/avr/5.2.1/../../../../avr/lib/avr51\libc.a(fputc.o)
                              mainbl.o (fputc)
c:/avr-gcc-5/bin/../lib/gcc/avr/5.2.1/../../../../avr/lib/avr51\libc.a(fputs.o)
                              mainbl.o (fputs)
c:/avr-gcc-5/bin/../lib/gcc/avr/5.2.1/../../../../avr/lib/avr51\libc.a(iob.o)
                              serial.o (__iob)
c:/avr-gcc-5/bin/../lib/gcc/avr/5.2.1/../../../../avr/lib/avr51\libatmega1284p.a(eewr_byte.o)
                              stk500.o (eeprom_write_byte)

Allocating common symbols
Common symbol       size              file

_i2c_current_transaction
                    0x2               megalol/i2c_internal.o
SerialData1Rx       0xa               serial1.o
_i2c_transaction_pool_reserved
                    0x1               megalol/i2c_internal.o
_serial1_tx_buffer  0x200             serial1.o
_i2c_current_transaction_status
                    0x2               megalol/i2c_internal.o
_dbg_trans_query1   0x1d              dbg.o
_i2c_transaction_buffer_wr
                    0x1               megalol/i2c_internal.o
_dbg_trans_tx       0x1d              dbg.o
_i2c_transaction_pool_alloc
                    0x8               megalol/i2c_internal.o
file_bt             0x2               mainbl.o
_dbg_rx_buffer      0x400             dbg.o
_serial1_rx_buffer  0x200             serial1.o
_i2c_transaction_buffer_rd
                    0x1               megalol/i2c_internal.o
__adc_conversion    0x10              adc.o
_dbg_trans_query2   0x1d              dbg.o
_i2c_transaction_pool_wr
                    0x1               megalol/i2c_internal.o
_i2c_transaction_pool
                    0xe8              megalol/i2c_internal.o
_i2c_current_transaction_n
                    0x1               megalol/i2c_internal.o
__adc_channels_ptr  0x1               adc.o
_dbg_tx_buffer      0x400             dbg.o
i2c_transaction_buffer
                    0x10              megalol/i2c_internal.o
_i2c_current_transaction_callback
                    0x2               megalol/i2c_internal.o
_dbg_tx_state       0xa               dbg.o
_dbg_rx_state       0xa               dbg.o
file_dbg            0x2               stk500.o
serial_file         0x2a              serial.o
__adc_callback      0x2               adc.o
SerialData1Tx       0xa               serial1.o
file_bl             0x2               stk500.o
_i2c_transaction_pool_rd
                    0x1               megalol/i2c_internal.o
_i2c_current_transaction_state
                    0x1               megalol/i2c_internal.o
_i2c_current_transaction_data
                    0x2               megalol/i2c_internal.o
__adc_channels      0x1               adc.o
serial_param        0x2a              serial.o
_i2c_current_transaction_rw
                    0x1               megalol/i2c_internal.o
_dbg_trans_read     0x1d              dbg.o
_i2c_current_transaction_dodata
                    0x1               megalol/i2c_internal.o
__iob               0x6               c:/avr-gcc-5/bin/../lib/gcc/avr/5.2.1/../../../../avr/lib/avr51\libc.a(iob.o)
_i2c_current_transaction_address
                    0x1               megalol/i2c_internal.o
file_usb            0x2               mainbl.o
_i2c_current_transaction_i2cerror
                    0x2               megalol/i2c_internal.o

Memory Configuration

Name             Origin             Length             Attributes
text             0x00000000         0x00020000         xr
data             0x00800100         0x0000ff00         rw !x
eeprom           0x00810000         0x00010000         rw !x
fuse             0x00820000         0x00000400         rw !x
lock             0x00830000         0x00000400         rw !x
signature        0x00840000         0x00000400         rw !x
user_signatures  0x00850000         0x00000400         rw !x
*default*        0x00000000         0xffffffff

Linker script and memory map

Address of section .data set to 0x800100
LOAD c:/avr-gcc-5/bin/../lib/gcc/avr/5.2.1/../../../../avr/lib/avr51/crtatmega1284p.o
LOAD mainbl.o
LOAD init.o
LOAD system.o
LOAD megalol/i2c.o
LOAD megalol/i2c_internal.o
LOAD circbuf.o
LOAD dbg.o
LOAD serial.o
LOAD serial1.o
LOAD adc.o
LOAD stk500.o
LOAD numeric.o
Address of section .text set to 0x1e000
START GROUP
LOAD c:/avr-gcc-5/bin/../lib/gcc/avr/5.2.1/avr51\libgcc.a
LOAD c:/avr-gcc-5/bin/../lib/gcc/avr/5.2.1/../../../../avr/lib/avr51\libm.a
LOAD c:/avr-gcc-5/bin/../lib/gcc/avr/5.2.1/../../../../avr/lib/avr51\libc.a
LOAD c:/avr-gcc-5/bin/../lib/gcc/avr/5.2.1/../../../../avr/lib/avr51\libatmega1284p.a
END GROUP
                0x00020000                __TEXT_REGION_LENGTH__ = DEFINED (__TEXT_REGION_LENGTH__)?__TEXT_REGION_LENGTH__:0x20000
                0x0000ff00                __DATA_REGION_LENGTH__ = DEFINED (__DATA_REGION_LENGTH__)?__DATA_REGION_LENGTH__:0xff00
                0x00010000                __EEPROM_REGION_LENGTH__ = DEFINED (__EEPROM_REGION_LENGTH__)?__EEPROM_REGION_LENGTH__:0x10000
                0x00000400                __FUSE_REGION_LENGTH__ = DEFINED (__FUSE_REGION_LENGTH__)?__FUSE_REGION_LENGTH__:0x400
                0x00000400                __LOCK_REGION_LENGTH__ = DEFINED (__LOCK_REGION_LENGTH__)?__LOCK_REGION_LENGTH__:0x400
                0x00000400                __SIGNATURE_REGION_LENGTH__ = DEFINED (__SIGNATURE_REGION_LENGTH__)?__SIGNATURE_REGION_LENGTH__:0x400
                0x00000400                __USER_SIGNATURE_REGION_LENGTH__ = DEFINED (__USER_SIGNATURE_REGION_LENGTH__)?__USER_SIGNATURE_REGION_LENGTH__:0x400

.hash
 *(.hash)

.dynsym
 *(.dynsym)

.dynstr
 *(.dynstr)

.gnu.version
 *(.gnu.version)

.gnu.version_d
 *(.gnu.version_d)

.gnu.version_r
 *(.gnu.version_r)

.rel.init
 *(.rel.init)

.rela.init
 *(.rela.init)

.rel.text
 *(.rel.text)
 *(.rel.text.*)
 *(.rel.gnu.linkonce.t*)

.rela.text
 *(.rela.text)
 *(.rela.text.*)
 *(.rela.gnu.linkonce.t*)

.rel.fini
 *(.rel.fini)

.rela.fini
 *(.rela.fini)

.rel.rodata
 *(.rel.rodata)
 *(.rel.rodata.*)
 *(.rel.gnu.linkonce.r*)

.rela.rodata
 *(.rela.rodata)
 *(.rela.rodata.*)
 *(.rela.gnu.linkonce.r*)

.rel.data
 *(.rel.data)
 *(.rel.data.*)
 *(.rel.gnu.linkonce.d*)

.rela.data
 *(.rela.data)
 *(.rela.data.*)
 *(.rela.gnu.linkonce.d*)

.rel.ctors
 *(.rel.ctors)

.rela.ctors
 *(.rela.ctors)

.rel.dtors
 *(.rel.dtors)

.rela.dtors
 *(.rela.dtors)

.rel.got
 *(.rel.got)

.rela.got
 *(.rela.got)

.rel.bss
 *(.rel.bss)

.rela.bss
 *(.rela.bss)

.rel.plt
 *(.rel.plt)

.rela.plt
 *(.rela.plt)

.text           0x0001e000     0x1d80
 *(.vectors)
 .vectors       0x0001e000       0x8c c:/avr-gcc-5/bin/../lib/gcc/avr/5.2.1/../../../../avr/lib/avr51/crtatmega1284p.o
                0x0001e000                __vector_default
                0x0001e000                __vectors
 *(.vectors)
 *(.progmem.gcc*)
                0x0001e08c                . = ALIGN (0x2)
                0x0001e08c                __trampolines_start = .
 *(.trampolines)
 .trampolines   0x0001e08c        0x0 linker stubs
 *(.trampolines*)
                0x0001e08c                __trampolines_end = .
 *(.progmem*)
                0x0001e08c                . = ALIGN (0x2)
 *(.jumptables)
 *(.jumptables*)
 *(.lowtext)
 *(.lowtext*)
                0x0001e08c                __ctors_start = .
 *(.ctors)
                0x0001e08c                __ctors_end = .
                0x0001e08c                __dtors_start = .
 *(.dtors)
                0x0001e08c                __dtors_end = .
 SORT(*)(.ctors)
 SORT(*)(.dtors)
 *(.init0)
 .init0         0x0001e08c        0x0 c:/avr-gcc-5/bin/../lib/gcc/avr/5.2.1/../../../../avr/lib/avr51/crtatmega1284p.o
                0x0001e08c                __init
 *(.init0)
 *(.init1)
 *(.init1)
 *(.init2)
 .init2         0x0001e08c        0xc c:/avr-gcc-5/bin/../lib/gcc/avr/5.2.1/../../../../avr/lib/avr51/crtatmega1284p.o
 *(.init2)
 *(.init3)
 *(.init3)
 *(.init4)
 .init4         0x0001e098       0x1a c:/avr-gcc-5/bin/../lib/gcc/avr/5.2.1/avr51\libgcc.a(_copy_data.o)
                0x0001e098                __do_copy_data
 .init4         0x0001e0b2       0x10 c:/avr-gcc-5/bin/../lib/gcc/avr/5.2.1/avr51\libgcc.a(_clear_bss.o)
                0x0001e0b2                __do_clear_bss
 *(.init4)
 *(.init5)
 *(.init5)
 *(.init6)
 *(.init6)
 *(.init7)
 *(.init7)
 *(.init8)
 *(.init8)
 *(.init9)
 .init9         0x0001e0c2        0x8 c:/avr-gcc-5/bin/../lib/gcc/avr/5.2.1/../../../../avr/lib/avr51/crtatmega1284p.o
 *(.init9)
 *(.text)
 .text          0x0001e0ca        0x4 c:/avr-gcc-5/bin/../lib/gcc/avr/5.2.1/../../../../avr/lib/avr51/crtatmega1284p.o
                0x0001e0ca                __vector_22
                0x0001e0ca                __vector_1
                0x0001e0ca                __vector_32
                0x0001e0ca                __vector_34
                0x0001e0ca                __vector_24
                0x0001e0ca                __vector_12
                0x0001e0ca                __bad_interrupt
                0x0001e0ca                __vector_6
                0x0001e0ca                __vector_31
                0x0001e0ca                __vector_3
                0x0001e0ca                __vector_23
                0x0001e0ca                __vector_30
                0x0001e0ca                __vector_25
                0x0001e0ca                __vector_11
                0x0001e0ca                __vector_17
                0x0001e0ca                __vector_19
                0x0001e0ca                __vector_7
                0x0001e0ca                __vector_27
                0x0001e0ca                __vector_5
                0x0001e0ca                __vector_33
                0x0001e0ca                __vector_4
                0x0001e0ca                __vector_9
                0x0001e0ca                __vector_2
                0x0001e0ca                __vector_21
                0x0001e0ca                __vector_15
                0x0001e0ca                __vector_8
                0x0001e0ca                __vector_14
                0x0001e0ca                __vector_10
                0x0001e0ca                __vector_16
                0x0001e0ca                __vector_18
                0x0001e0ca                __vector_20
 .text          0x0001e0ce      0x330 mainbl.o
                0x0001e0ce                echo_dbg2bt
                0x0001e0e0                timer_ms_get
                0x0001e0f8                detectbl
                0x0001e1a4                sendchar
                0x0001e1b2                getchar_timeout
                0x0001e252                __vector_13
                0x0001e2cc                hex2chr
                0x0001e2d8                mfprintf
 .text          0x0001e3fe       0x6a init.o
                0x0001e3fe                init_ports
                0x0001e420                init_portchangeint
                0x0001e434                init_timers
                0x0001e452                init_spi
                0x0001e45c                init_module
 .text          0x0001e468       0xe6 system.o
                0x0001e468                system_delay_ms
                0x0001e4b2                system_led_set
                0x0001e4dc                system_led_toggle
                0x0001e4f0                system_blink
                0x0001e532                system_chargeled_set
                0x0001e534                Battery_ADC2mv
 .text          0x0001e54e       0x16 megalol/i2c.o
                0x0001e54e                i2c_init
 .text          0x0001e564      0x450 megalol/i2c_internal.o
                0x0001e564                i2c_transaction_setup
                0x0001e582                i2c_transaction_init
                0x0001e5ae                i2c_transaction_getqueued
                0x0001e5c2                _i2c_transaction_getfree
                0x0001e5ce                _i2c_transaction_put
                0x0001e5ec                _i2c_transaction_getnext
                0x0001e618                _i2c_transaction_removelinked
                0x0001e62a                TWI_vect_statemachine
                0x0001e7f2                TWI_vect_intx
                0x0001e878                i2c_transaction_queue
                0x0001e930                __vector_26
                0x0001e9a6                i2c_transaction_pool_free
 .text          0x0001e9b4       0xf2 circbuf.o
                0x0001e9b4                buffer_put
                0x0001e9d8                buffer_get
                0x0001e9fe                buffer_unget
                0x0001ea28                buffer_isempty
                0x0001ea3e                buffer_clear
                0x0001ea4a                buffer_isfull
                0x0001ea6c                buffer_level
                0x0001ea88                buffer_freespace
 .text          0x0001eaa6      0x524 dbg.o
                0x0001eaa6                _dbg_write_callback
                0x0001eac2                _dbg_query_callback1
                0x0001eae6                _dbg_query_callback2
                0x0001eb30                _dbg_read_callback
                0x0001ec24                dbg_init
                0x0001ecdc                dbg_setnumtxbeforerx
                0x0001ecee                dbg_fputchar
                0x0001ed1e                dbg_fputchar_nonblock
                0x0001ed54                dbg_fgetchar_nonblock
                0x0001ed72                dbg_fgetchar
                0x0001eda2                dbg_get_rxbuf
                0x0001eda8                dbg_get_txbuf
                0x0001edae                dbg_putbuf
                0x0001ee0e                dbg_callback
 .text          0x0001efca      0x154 serial.o
                0x0001efca                serial_open
                0x0001f0a2                serial_setblocking
                0x0001f0b0                serial_isblocking
                0x0001f0be                fputbuf
                0x0001f0d6                fgettxbuflevel
                0x0001f0e8                fgetrxbuflevel
                0x0001f0fa                fgettxbuffree
                0x0001f10c                fgetrxbuffree
 .text          0x0001f11e      0x226 serial1.o
                0x0001f11e                uart1_clearbuffers
                0x0001f12e                uart1_init
                0x0001f1be                uart1_fputchar_int
                0x0001f1f8                uart1_fgetchar_nonblock_int
                0x0001f216                uart1_fgetchar_int
                0x0001f246                __vector_29
                0x0001f2b6                __vector_28
                0x0001f338                uart1_get_rxbuf
                0x0001f33e                uart1_get_txbuf
 .text          0x0001f344       0x2e adc.o
                0x0001f344                ADC_read
 .text          0x0001f372      0x5f4 stk500.o
                0x0001f372                getmessage
                0x0001f45a                sendmessage
                0x0001f4e2                stk500
 .text          0x0001f966       0x16 numeric.o
                0x0001f966                shr_u32_10
 .text          0x0001f97c        0x0 c:/avr-gcc-5/bin/../lib/gcc/avr/5.2.1/avr51\libgcc.a(_udivmodhi4.o)
 .text          0x0001f97c        0x0 c:/avr-gcc-5/bin/../lib/gcc/avr/5.2.1/avr51\libgcc.a(_udivmodsi4.o)
 .text          0x0001f97c        0x0 c:/avr-gcc-5/bin/../lib/gcc/avr/5.2.1/avr51\libgcc.a(_exit.o)
 .text          0x0001f97c        0x0 c:/avr-gcc-5/bin/../lib/gcc/avr/5.2.1/avr51\libgcc.a(_copy_data.o)
 .text          0x0001f97c        0x0 c:/avr-gcc-5/bin/../lib/gcc/avr/5.2.1/avr51\libgcc.a(_clear_bss.o)
 .text          0x0001f97c        0x0 c:/avr-gcc-5/bin/../lib/gcc/avr/5.2.1/avr51\libgcc.a(_bswapsi2.o)
 .text          0x0001f97c        0x0 c:/avr-gcc-5/bin/../lib/gcc/avr/5.2.1/avr51\libgcc.a(_umulhisi3.o)
 .text          0x0001f97c        0x0 c:/avr-gcc-5/bin/../lib/gcc/avr/5.2.1/../../../../avr/lib/avr51\libc.a(fgetc.o)
 .text          0x0001f97c        0x0 c:/avr-gcc-5/bin/../lib/gcc/avr/5.2.1/../../../../avr/lib/avr51\libc.a(fputc.o)
 .text          0x0001f97c        0x0 c:/avr-gcc-5/bin/../lib/gcc/avr/5.2.1/../../../../avr/lib/avr51\libc.a(fputs.o)
 .text          0x0001f97c        0x0 c:/avr-gcc-5/bin/../lib/gcc/avr/5.2.1/../../../../avr/lib/avr51\libc.a(iob.o)
 .text          0x0001f97c        0x0 c:/avr-gcc-5/bin/../lib/gcc/avr/5.2.1/../../../../avr/lib/avr51\libatmega1284p.a(eewr_byte.o)
                0x0001f97c                . = ALIGN (0x2)
 *(.text.*)
 .text.startup  0x0001f97c      0x218 mainbl.o
                0x0001f97c                main
 .text.libgcc.mul
                0x0001fb94        0x0 c:/avr-gcc-5/bin/../lib/gcc/avr/5.2.1/avr51\libgcc.a(_udivmodhi4.o)
 .text.libgcc.div
                0x0001fb94       0x28 c:/avr-gcc-5/bin/../lib/gcc/avr/5.2.1/avr51\libgcc.a(_udivmodhi4.o)
                0x0001fb94                __udivmodhi4
 .text.libgcc   0x0001fbbc        0x0 c:/avr-gcc-5/bin/../lib/gcc/avr/5.2.1/avr51\libgcc.a(_udivmodhi4.o)
 .text.libgcc.prologue
                0x0001fbbc        0x0 c:/avr-gcc-5/bin/../lib/gcc/avr/5.2.1/avr51\libgcc.a(_udivmodhi4.o)
 .text.libgcc.builtins
                0x0001fbbc        0x0 c:/avr-gcc-5/bin/../lib/gcc/avr/5.2.1/avr51\libgcc.a(_udivmodhi4.o)
 .text.libgcc.fmul
                0x0001fbbc        0x0 c:/avr-gcc-5/bin/../lib/gcc/avr/5.2.1/avr51\libgcc.a(_udivmodhi4.o)
 .text.libgcc.fixed
                0x0001fbbc        0x0 c:/avr-gcc-5/bin/../lib/gcc/avr/5.2.1/avr51\libgcc.a(_udivmodhi4.o)
 .text.libgcc.mul
                0x0001fbbc        0x0 c:/avr-gcc-5/bin/../lib/gcc/avr/5.2.1/avr51\libgcc.a(_udivmodsi4.o)
 .text.libgcc.div
                0x0001fbbc       0x44 c:/avr-gcc-5/bin/../lib/gcc/avr/5.2.1/avr51\libgcc.a(_udivmodsi4.o)
                0x0001fbbc                __udivmodsi4
 .text.libgcc   0x0001fc00        0x0 c:/avr-gcc-5/bin/../lib/gcc/avr/5.2.1/avr51\libgcc.a(_udivmodsi4.o)
 .text.libgcc.prologue
                0x0001fc00        0x0 c:/avr-gcc-5/bin/../lib/gcc/avr/5.2.1/avr51\libgcc.a(_udivmodsi4.o)
 .text.libgcc.builtins
                0x0001fc00        0x0 c:/avr-gcc-5/bin/../lib/gcc/avr/5.2.1/avr51\libgcc.a(_udivmodsi4.o)
 .text.libgcc.fmul
                0x0001fc00        0x0 c:/avr-gcc-5/bin/../lib/gcc/avr/5.2.1/avr51\libgcc.a(_udivmodsi4.o)
 .text.libgcc.fixed
                0x0001fc00        0x0 c:/avr-gcc-5/bin/../lib/gcc/avr/5.2.1/avr51\libgcc.a(_udivmodsi4.o)
 .text.libgcc.mul
                0x0001fc00        0x0 c:/avr-gcc-5/bin/../lib/gcc/avr/5.2.1/avr51\libgcc.a(_exit.o)
 .text.libgcc.div
                0x0001fc00        0x0 c:/avr-gcc-5/bin/../lib/gcc/avr/5.2.1/avr51\libgcc.a(_exit.o)
 .text.libgcc   0x0001fc00        0x0 c:/avr-gcc-5/bin/../lib/gcc/avr/5.2.1/avr51\libgcc.a(_exit.o)
 .text.libgcc.prologue
                0x0001fc00        0x0 c:/avr-gcc-5/bin/../lib/gcc/avr/5.2.1/avr51\libgcc.a(_exit.o)
 .text.libgcc.builtins
                0x0001fc00        0x0 c:/avr-gcc-5/bin/../lib/gcc/avr/5.2.1/avr51\libgcc.a(_exit.o)
 .text.libgcc.fmul
                0x0001fc00        0x0 c:/avr-gcc-5/bin/../lib/gcc/avr/5.2.1/avr51\libgcc.a(_exit.o)
 .text.libgcc.fixed
                0x0001fc00        0x0 c:/avr-gcc-5/bin/../lib/gcc/avr/5.2.1/avr51\libgcc.a(_exit.o)
 .text.libgcc.mul
                0x0001fc00        0x0 c:/avr-gcc-5/bin/../lib/gcc/avr/5.2.1/avr51\libgcc.a(_copy_data.o)
 .text.libgcc.div
                0x0001fc00        0x0 c:/avr-gcc-5/bin/../lib/gcc/avr/5.2.1/avr51\libgcc.a(_copy_data.o)
 .text.libgcc   0x0001fc00        0x0 c:/avr-gcc-5/bin/../lib/gcc/avr/5.2.1/avr51\libgcc.a(_copy_data.o)
 .text.libgcc.prologue
                0x0001fc00        0x0 c:/avr-gcc-5/bin/../lib/gcc/avr/5.2.1/avr51\libgcc.a(_copy_data.o)
 .text.libgcc.builtins
                0x0001fc00        0x0 c:/avr-gcc-5/bin/../lib/gcc/avr/5.2.1/avr51\libgcc.a(_copy_data.o)
 .text.libgcc.fmul
                0x0001fc00        0x0 c:/avr-gcc-5/bin/../lib/gcc/avr/5.2.1/avr51\libgcc.a(_copy_data.o)
 .text.libgcc.fixed
                0x0001fc00        0x0 c:/avr-gcc-5/bin/../lib/gcc/avr/5.2.1/avr51\libgcc.a(_copy_data.o)
 .text.libgcc.mul
                0x0001fc00        0x0 c:/avr-gcc-5/bin/../lib/gcc/avr/5.2.1/avr51\libgcc.a(_clear_bss.o)
 .text.libgcc.div
                0x0001fc00        0x0 c:/avr-gcc-5/bin/../lib/gcc/avr/5.2.1/avr51\libgcc.a(_clear_bss.o)
 .text.libgcc   0x0001fc00        0x0 c:/avr-gcc-5/bin/../lib/gcc/avr/5.2.1/avr51\libgcc.a(_clear_bss.o)
 .text.libgcc.prologue
                0x0001fc00        0x0 c:/avr-gcc-5/bin/../lib/gcc/avr/5.2.1/avr51\libgcc.a(_clear_bss.o)
 .text.libgcc.builtins
                0x0001fc00        0x0 c:/avr-gcc-5/bin/../lib/gcc/avr/5.2.1/avr51\libgcc.a(_clear_bss.o)
 .text.libgcc.fmul
                0x0001fc00        0x0 c:/avr-gcc-5/bin/../lib/gcc/avr/5.2.1/avr51\libgcc.a(_clear_bss.o)
 .text.libgcc.fixed
                0x0001fc00        0x0 c:/avr-gcc-5/bin/../lib/gcc/avr/5.2.1/avr51\libgcc.a(_clear_bss.o)
 .text.libgcc.mul
                0x0001fc00        0x0 c:/avr-gcc-5/bin/../lib/gcc/avr/5.2.1/avr51\libgcc.a(_bswapsi2.o)
 .text.libgcc.div
                0x0001fc00        0x0 c:/avr-gcc-5/bin/../lib/gcc/avr/5.2.1/avr51\libgcc.a(_bswapsi2.o)
 .text.libgcc   0x0001fc00        0x0 c:/avr-gcc-5/bin/../lib/gcc/avr/5.2.1/avr51\libgcc.a(_bswapsi2.o)
 .text.libgcc.prologue
                0x0001fc00        0x0 c:/avr-gcc-5/bin/../lib/gcc/avr/5.2.1/avr51\libgcc.a(_bswapsi2.o)
 .text.libgcc.builtins
                0x0001fc00        0xe c:/avr-gcc-5/bin/../lib/gcc/avr/5.2.1/avr51\libgcc.a(_bswapsi2.o)
                0x0001fc00                __bswapsi2
 .text.libgcc.fmul
                0x0001fc0e        0x0 c:/avr-gcc-5/bin/../lib/gcc/avr/5.2.1/avr51\libgcc.a(_bswapsi2.o)
 .text.libgcc.fixed
                0x0001fc0e        0x0 c:/avr-gcc-5/bin/../lib/gcc/avr/5.2.1/avr51\libgcc.a(_bswapsi2.o)
 .text.libgcc.mul
                0x0001fc0e       0x1e c:/avr-gcc-5/bin/../lib/gcc/avr/5.2.1/avr51\libgcc.a(_umulhisi3.o)
                0x0001fc0e                __umulhisi3
 .text.libgcc.div
                0x0001fc2c        0x0 c:/avr-gcc-5/bin/../lib/gcc/avr/5.2.1/avr51\libgcc.a(_umulhisi3.o)
 .text.libgcc   0x0001fc2c        0x0 c:/avr-gcc-5/bin/../lib/gcc/avr/5.2.1/avr51\libgcc.a(_umulhisi3.o)
 .text.libgcc.prologue
                0x0001fc2c        0x0 c:/avr-gcc-5/bin/../lib/gcc/avr/5.2.1/avr51\libgcc.a(_umulhisi3.o)
 .text.libgcc.builtins
                0x0001fc2c        0x0 c:/avr-gcc-5/bin/../lib/gcc/avr/5.2.1/avr51\libgcc.a(_umulhisi3.o)
 .text.libgcc.fmul
                0x0001fc2c        0x0 c:/avr-gcc-5/bin/../lib/gcc/avr/5.2.1/avr51\libgcc.a(_umulhisi3.o)
 .text.libgcc.fixed
                0x0001fc2c        0x0 c:/avr-gcc-5/bin/../lib/gcc/avr/5.2.1/avr51\libgcc.a(_umulhisi3.o)
 .text.avr-libc
                0x0001fc2c       0x7c c:/avr-gcc-5/bin/../lib/gcc/avr/5.2.1/../../../../avr/lib/avr51\libc.a(fgetc.o)
                0x0001fc2c                fgetc
 .text.avr-libc
                0x0001fca8       0x60 c:/avr-gcc-5/bin/../lib/gcc/avr/5.2.1/../../../../avr/lib/avr51\libc.a(fputc.o)
                0x0001fca8                fputc
 .text.avr-libc
                0x0001fd08       0x58 c:/avr-gcc-5/bin/../lib/gcc/avr/5.2.1/../../../../avr/lib/avr51\libc.a(fputs.o)
                0x0001fd08                fputs
 .text.avr-libc
                0x0001fd60       0x1c c:/avr-gcc-5/bin/../lib/gcc/avr/5.2.1/../../../../avr/lib/avr51\libatmega1284p.a(eewr_byte.o)
                0x0001fd60                eeprom_write_byte
                0x0001fd62                eeprom_write_r18
                0x0001fd7c                . = ALIGN (0x2)
 *(.fini9)
 .fini9         0x0001fd7c        0x0 c:/avr-gcc-5/bin/../lib/gcc/avr/5.2.1/avr51\libgcc.a(_exit.o)
                0x0001fd7c                _exit
                0x0001fd7c                exit
 *(.fini9)
 *(.fini8)
 *(.fini8)
 *(.fini7)
 *(.fini7)
 *(.fini6)
 *(.fini6)
 *(.fini5)
 *(.fini5)
 *(.fini4)
 *(.fini4)
 *(.fini3)
 *(.fini3)
 *(.fini2)
 *(.fini2)
 *(.fini1)
 *(.fini1)
 *(.fini0)
 .fini0         0x0001fd7c        0x4 c:/avr-gcc-5/bin/../lib/gcc/avr/5.2.1/avr51\libgcc.a(_exit.o)
 *(.fini0)
                0x0001fd80                _etext = .

.data           0x00800100       0x5a load address 0x0001fd80
                0x00800100                PROVIDE (__data_start, .)
 *(.data)
 .data          0x00800100        0x0 c:/avr-gcc-5/bin/../lib/gcc/avr/5.2.1/../../../../avr/lib/avr51/crtatmega1284p.o
 .data          0x00800100        0x0 mainbl.o
 .data          0x00800100        0x0 init.o
 .data          0x00800100        0x0 system.o
 .data          0x00800100        0x0 megalol/i2c.o
 .data          0x00800100        0x1 megalol/i2c_internal.o
                0x00800100                _i2c_transaction_idle
 .data          0x00800101        0x0 circbuf.o
 .data          0x00800101        0x1 dbg.o
                0x00800101                _dbg_numtxbeforerx
 .data          0x00800102        0x0 serial.o
 .data          0x00800102        0x0 serial1.o
 .data          0x00800102        0x1 adc.o
                0x00800102                __adc_prescaler
 .data          0x00800103        0x0 stk500.o
 .data          0x00800103        0x0 numeric.o
 .data          0x00800103        0x0 c:/avr-gcc-5/bin/../lib/gcc/avr/5.2.1/avr51\libgcc.a(_udivmodhi4.o)
 .data          0x00800103        0x0 c:/avr-gcc-5/bin/../lib/gcc/avr/5.2.1/avr51\libgcc.a(_udivmodsi4.o)
 .data          0x00800103        0x0 c:/avr-gcc-5/bin/../lib/gcc/avr/5.2.1/avr51\libgcc.a(_exit.o)
 .data          0x00800103        0x0 c:/avr-gcc-5/bin/../lib/gcc/avr/5.2.1/avr51\libgcc.a(_copy_data.o)
 .data          0x00800103        0x0 c:/avr-gcc-5/bin/../lib/gcc/avr/5.2.1/avr51\libgcc.a(_clear_bss.o)
 .data          0x00800103        0x0 c:/avr-gcc-5/bin/../lib/gcc/avr/5.2.1/avr51\libgcc.a(_bswapsi2.o)
 .data          0x00800103        0x0 c:/avr-gcc-5/bin/../lib/gcc/avr/5.2.1/avr51\libgcc.a(_umulhisi3.o)
 .data          0x00800103        0x0 c:/avr-gcc-5/bin/../lib/gcc/avr/5.2.1/../../../../avr/lib/avr51\libc.a(fgetc.o)
 .data          0x00800103        0x0 c:/avr-gcc-5/bin/../lib/gcc/avr/5.2.1/../../../../avr/lib/avr51\libc.a(fputc.o)
 .data          0x00800103        0x0 c:/avr-gcc-5/bin/../lib/gcc/avr/5.2.1/../../../../avr/lib/avr51\libc.a(fputs.o)
 .data          0x00800103        0x0 c:/avr-gcc-5/bin/../lib/gcc/avr/5.2.1/../../../../avr/lib/avr51\libc.a(iob.o)
 .data          0x00800103        0x0 c:/avr-gcc-5/bin/../lib/gcc/avr/5.2.1/../../../../avr/lib/avr51\libatmega1284p.a(eewr_byte.o)
 *(.data*)
 *(.rodata)
 *(.rodata*)
 .rodata.str1.1
                0x00800103       0x46 mainbl.o
 .rodata.str1.1
                0x00800149       0x11 stk500.o
 *(.gnu.linkonce.d*)
                0x0080015a                . = ALIGN (0x2)
                0x0080015a                _edata = .
                0x0080015a                PROVIDE (__data_end, .)

.bss            0x0080015a      0xe43
                0x0080015a                PROVIDE (__bss_start, .)
 *(.bss)
 .bss           0x0080015a        0x0 c:/avr-gcc-5/bin/../lib/gcc/avr/5.2.1/../../../../avr/lib/avr51/crtatmega1284p.o
 .bss           0x0080015a        0x6 mainbl.o
                0x0080015a                app_start
                0x0080015c                time_ms
 .bss           0x00800160        0x0 init.o
 .bss           0x00800160        0x0 system.o
 .bss           0x00800160        0x0 megalol/i2c.o
 .bss           0x00800160        0x4 megalol/i2c_internal.o
                0x00800160                i2c_intctr
 .bss           0x00800164        0x0 circbuf.o
 .bss           0x00800164        0xf dbg.o
                0x00800164                dbg_rx_callback
                0x00800166                _dbg_newnumtxbeforerx
                0x00800167                dbg_general_busy
                0x00800168                dbg_general_state
                0x00800169                dbg_rxlevel
                0x0080016a                dbg_tot_rx
                0x0080016e                dbg_tot_tx
                0x00800172                _dbg_rx_readstate
 .bss           0x00800173        0x1 serial.o
                0x00800173                serial_numopen
 .bss           0x00800174        0x2 serial1.o
                0x00800174                uart1_rx_callback
 .bss           0x00800176        0x1 adc.o
                0x00800176                __adc_sampling
 .bss           0x00800177        0x0 stk500.o
 .bss           0x00800177        0x0 numeric.o
 .bss           0x00800177        0x0 c:/avr-gcc-5/bin/../lib/gcc/avr/5.2.1/avr51\libgcc.a(_udivmodhi4.o)
 .bss           0x00800177        0x0 c:/avr-gcc-5/bin/../lib/gcc/avr/5.2.1/avr51\libgcc.a(_udivmodsi4.o)
 .bss           0x00800177        0x0 c:/avr-gcc-5/bin/../lib/gcc/avr/5.2.1/avr51\libgcc.a(_exit.o)
 .bss           0x00800177        0x0 c:/avr-gcc-5/bin/../lib/gcc/avr/5.2.1/avr51\libgcc.a(_copy_data.o)
 .bss           0x00800177        0x0 c:/avr-gcc-5/bin/../lib/gcc/avr/5.2.1/avr51\libgcc.a(_clear_bss.o)
 .bss           0x00800177        0x0 c:/avr-gcc-5/bin/../lib/gcc/avr/5.2.1/avr51\libgcc.a(_bswapsi2.o)
 .bss           0x00800177        0x0 c:/avr-gcc-5/bin/../lib/gcc/avr/5.2.1/avr51\libgcc.a(_umulhisi3.o)
 .bss           0x00800177        0x0 c:/avr-gcc-5/bin/../lib/gcc/avr/5.2.1/../../../../avr/lib/avr51\libc.a(fgetc.o)
 .bss           0x00800177        0x0 c:/avr-gcc-5/bin/../lib/gcc/avr/5.2.1/../../../../avr/lib/avr51\libc.a(fputc.o)
 .bss           0x00800177        0x0 c:/avr-gcc-5/bin/../lib/gcc/avr/5.2.1/../../../../avr/lib/avr51\libc.a(fputs.o)
 .bss           0x00800177        0x0 c:/avr-gcc-5/bin/../lib/gcc/avr/5.2.1/../../../../avr/lib/avr51\libc.a(iob.o)
 .bss           0x00800177        0x0 c:/avr-gcc-5/bin/../lib/gcc/avr/5.2.1/../../../../avr/lib/avr51\libatmega1284p.a(eewr_byte.o)
 *(.bss*)
 *(COMMON)
 COMMON         0x00800177        0x4 mainbl.o
                0x00800177                file_bt
                0x00800179                file_usb
 COMMON         0x0080017b      0x114 megalol/i2c_internal.o
                0x0080017b                _i2c_current_transaction
                0x0080017d                _i2c_transaction_pool_reserved
                0x0080017e                _i2c_current_transaction_status
                0x00800180                _i2c_transaction_buffer_wr
                0x00800181                _i2c_transaction_pool_alloc
                0x00800189                _i2c_transaction_buffer_rd
                0x0080018a                _i2c_transaction_pool_wr
                0x0080018b                _i2c_transaction_pool
                0x00800273                _i2c_current_transaction_n
                0x00800274                i2c_transaction_buffer
                0x00800284                _i2c_current_transaction_callback
                0x00800286                _i2c_transaction_pool_rd
                0x00800287                _i2c_current_transaction_state
                0x00800288                _i2c_current_transaction_data
                0x0080028a                _i2c_current_transaction_rw
                0x0080028b                _i2c_current_transaction_dodata
                0x0080028c                _i2c_current_transaction_address
                0x0080028d                _i2c_current_transaction_i2cerror
 COMMON         0x0080028f      0x888 dbg.o
                0x0080028f                _dbg_trans_query1
                0x008002ac                _dbg_trans_tx
                0x008002c9                _dbg_rx_buffer
                0x008006c9                _dbg_trans_query2
                0x008006e6                _dbg_tx_buffer
                0x00800ae6                _dbg_tx_state
                0x00800af0                _dbg_rx_state
                0x00800afa                _dbg_trans_read
 COMMON         0x00800b17       0x54 serial.o
                0x00800b17                serial_file
                0x00800b41                serial_param
 COMMON         0x00800b6b      0x414 serial1.o
                0x00800b6b                SerialData1Rx
                0x00800b75                _serial1_tx_buffer
                0x00800d75                _serial1_rx_buffer
                0x00800f75                SerialData1Tx
 COMMON         0x00800f7f       0x14 adc.o
                0x00800f7f                __adc_conversion
                0x00800f8f                __adc_channels_ptr
                0x00800f90                __adc_callback
                0x00800f92                __adc_channels
 COMMON         0x00800f93        0x4 stk500.o
                0x00800f93                file_dbg
                0x00800f95                file_bl
 COMMON         0x00800f97        0x6 c:/avr-gcc-5/bin/../lib/gcc/avr/5.2.1/../../../../avr/lib/avr51\libc.a(iob.o)
                0x00800f97                __iob
                0x00800f9d                PROVIDE (__bss_end, .)
                0x0001fd80                __data_load_start = LOADADDR (.data)
                0x0001fdda                __data_load_end = (__data_load_start + SIZEOF (.data))

.noinit         0x00800f9d        0x0
                [!provide]                PROVIDE (__noinit_start, .)
 *(.noinit*)
                [!provide]                PROVIDE (__noinit_end, .)
                0x00800f9d                _end = .
                [!provide]                PROVIDE (__heap_start, .)

.eeprom         0x00810000        0x0
 *(.eeprom*)
                0x00810000                __eeprom_end = .

.fuse
 *(.fuse)
 *(.lfuse)
 *(.hfuse)
 *(.efuse)

.lock
 *(.lock*)

.signature
 *(.signature*)

.stab           0x00000000       0xa8
 *(.stab)
 .stab          0x00000000       0xa8 numeric.o

.stabstr        0x00000000       0x3a
 *(.stabstr)
 .stabstr       0x00000000       0x3a numeric.o

.stab.excl
 *(.stab.excl)

.stab.exclstr
 *(.stab.exclstr)

.stab.index
 *(.stab.index)

.stab.indexstr
 *(.stab.indexstr)

.comment        0x00000000       0x1a
 *(.comment)
 .comment       0x00000000       0x1a mainbl.o
                                 0x1b (size before relaxing)
 .comment       0x0000001a       0x1b init.o
 .comment       0x0000001a       0x1b system.o
 .comment       0x0000001a       0x1b megalol/i2c.o
 .comment       0x0000001a       0x1b megalol/i2c_internal.o
 .comment       0x0000001a       0x1b circbuf.o
 .comment       0x0000001a       0x1b dbg.o
 .comment       0x0000001a       0x1b serial.o
 .comment       0x0000001a       0x1b serial1.o
 .comment       0x0000001a       0x1b adc.o
 .comment       0x0000001a       0x1b stk500.o
 .comment       0x0000001a       0x1b c:/avr-gcc-5/bin/../lib/gcc/avr/5.2.1/../../../../avr/lib/avr51\libc.a(fgetc.o)
 .comment       0x0000001a       0x1b c:/avr-gcc-5/bin/../lib/gcc/avr/5.2.1/../../../../avr/lib/avr51\libc.a(fputc.o)
 .comment       0x0000001a       0x1b c:/avr-gcc-5/bin/../lib/gcc/avr/5.2.1/../../../../avr/lib/avr51\libc.a(fputs.o)
 .comment       0x0000001a       0x1b c:/avr-gcc-5/bin/../lib/gcc/avr/5.2.1/../../../../avr/lib/avr51\libc.a(iob.o)

.note.gnu.avr.deviceinfo
                0x00000000       0x34
 .note.gnu.avr.deviceinfo
                0x00000000       0x34 c:/avr-gcc-5/bin/../lib/gcc/avr/5.2.1/../../../../avr/lib/avr51/crtatmega1284p.o

.note.gnu.build-id
 *(.note.gnu.build-id)

.debug
 *(.debug)

.line
 *(.line)

.debug_srcinfo
 *(.debug_srcinfo)

.debug_sfnames
 *(.debug_sfnames)

.debug_aranges  0x00000000      0x248
 *(.debug_aranges)
 .debug_aranges
                0x00000000       0x28 mainbl.o
 .debug_aranges
                0x00000028       0x20 init.o
 .debug_aranges
                0x00000048       0x20 system.o
 .debug_aranges
                0x00000068       0x20 megalol/i2c.o
 .debug_aranges
                0x00000088       0x20 megalol/i2c_internal.o
 .debug_aranges
                0x000000a8       0x20 circbuf.o
 .debug_aranges
                0x000000c8       0x20 dbg.o
 .debug_aranges
                0x000000e8       0x20 serial.o
 .debug_aranges
                0x00000108       0x20 serial1.o
 .debug_aranges
                0x00000128       0x20 adc.o
 .debug_aranges
                0x00000148       0x20 stk500.o
 .debug_aranges
                0x00000168       0x20 c:/avr-gcc-5/bin/../lib/gcc/avr/5.2.1/avr51\libgcc.a(_udivmodhi4.o)
 .debug_aranges
                0x00000188       0x20 c:/avr-gcc-5/bin/../lib/gcc/avr/5.2.1/avr51\libgcc.a(_udivmodsi4.o)
 .debug_aranges
                0x000001a8       0x20 c:/avr-gcc-5/bin/../lib/gcc/avr/5.2.1/avr51\libgcc.a(_exit.o)
 .debug_aranges
                0x000001c8       0x20 c:/avr-gcc-5/bin/../lib/gcc/avr/5.2.1/avr51\libgcc.a(_copy_data.o)
 .debug_aranges
                0x000001e8       0x20 c:/avr-gcc-5/bin/../lib/gcc/avr/5.2.1/avr51\libgcc.a(_clear_bss.o)
 .debug_aranges
                0x00000208       0x20 c:/avr-gcc-5/bin/../lib/gcc/avr/5.2.1/avr51\libgcc.a(_bswapsi2.o)
 .debug_aranges
                0x00000228       0x20 c:/avr-gcc-5/bin/../lib/gcc/avr/5.2.1/avr51\libgcc.a(_umulhisi3.o)

.debug_pubnames
 *(.debug_pubnames)

.debug_info     0x00000000     0x438d
 *(.debug_info .gnu.linkonce.wi.*)
 .debug_info    0x00000000      0x792 c:/avr-gcc-5/bin/../lib/gcc/avr/5.2.1/../../../../avr/lib/avr51/crtatmega1284p.o
 .debug_info    0x00000792      0x963 mainbl.o
 .debug_info    0x000010f5      0x106 init.o
 .debug_info    0x000011fb      0x23e system.o
 .debug_info    0x00001439       0xa8 megalol/i2c.o
 .debug_info    0x000014e1      0x73f megalol/i2c_internal.o
 .debug_info    0x00001c20      0x2a5 circbuf.o
 .debug_info    0x00001ec5      0xbab dbg.o
 .debug_info    0x00002a70      0x566 serial.o
 .debug_info    0x00002fd6      0x545 serial1.o
 .debug_info    0x0000351b      0x158 adc.o
 .debug_info    0x00003673      0x8a5 stk500.o
 .debug_info    0x00003f18       0xa3 c:/avr-gcc-5/bin/../lib/gcc/avr/5.2.1/avr51\libgcc.a(_udivmodhi4.o)
 .debug_info    0x00003fbb       0xa3 c:/avr-gcc-5/bin/../lib/gcc/avr/5.2.1/avr51\libgcc.a(_udivmodsi4.o)
 .debug_info    0x0000405e       0xa3 c:/avr-gcc-5/bin/../lib/gcc/avr/5.2.1/avr51\libgcc.a(_exit.o)
 .debug_info    0x00004101       0xa3 c:/avr-gcc-5/bin/../lib/gcc/avr/5.2.1/avr51\libgcc.a(_copy_data.o)
 .debug_info    0x000041a4       0xa3 c:/avr-gcc-5/bin/../lib/gcc/avr/5.2.1/avr51\libgcc.a(_clear_bss.o)
 .debug_info    0x00004247       0xa3 c:/avr-gcc-5/bin/../lib/gcc/avr/5.2.1/avr51\libgcc.a(_bswapsi2.o)
 .debug_info    0x000042ea       0xa3 c:/avr-gcc-5/bin/../lib/gcc/avr/5.2.1/avr51\libgcc.a(_umulhisi3.o)

.debug_abbrev   0x00000000     0x1bc3
 *(.debug_abbrev)
 .debug_abbrev  0x00000000      0x729 c:/avr-gcc-5/bin/../lib/gcc/avr/5.2.1/../../../../avr/lib/avr51/crtatmega1284p.o
 .debug_abbrev  0x00000729      0x345 mainbl.o
 .debug_abbrev  0x00000a6e       0x80 init.o
 .debug_abbrev  0x00000aee      0x16c system.o
 .debug_abbrev  0x00000c5a       0x6e megalol/i2c.o
 .debug_abbrev  0x00000cc8      0x325 megalol/i2c_internal.o
 .debug_abbrev  0x00000fed      0x106 circbuf.o
 .debug_abbrev  0x000010f3      0x2c8 dbg.o
 .debug_abbrev  0x000013bb      0x1de serial.o
 .debug_abbrev  0x00001599      0x213 serial1.o
 .debug_abbrev  0x000017ac       0xab adc.o
 .debug_abbrev  0x00001857      0x2e0 stk500.o
 .debug_abbrev  0x00001b37       0x14 c:/avr-gcc-5/bin/../lib/gcc/avr/5.2.1/avr51\libgcc.a(_udivmodhi4.o)
 .debug_abbrev  0x00001b4b       0x14 c:/avr-gcc-5/bin/../lib/gcc/avr/5.2.1/avr51\libgcc.a(_udivmodsi4.o)
 .debug_abbrev  0x00001b5f       0x14 c:/avr-gcc-5/bin/../lib/gcc/avr/5.2.1/avr51\libgcc.a(_exit.o)
 .debug_abbrev  0x00001b73       0x14 c:/avr-gcc-5/bin/../lib/gcc/avr/5.2.1/avr51\libgcc.a(_copy_data.o)
 .debug_abbrev  0x00001b87       0x14 c:/avr-gcc-5/bin/../lib/gcc/avr/5.2.1/avr51\libgcc.a(_clear_bss.o)
 .debug_abbrev  0x00001b9b       0x14 c:/avr-gcc-5/bin/../lib/gcc/avr/5.2.1/avr51\libgcc.a(_bswapsi2.o)
 .debug_abbrev  0x00001baf       0x14 c:/avr-gcc-5/bin/../lib/gcc/avr/5.2.1/avr51\libgcc.a(_umulhisi3.o)

.debug_line     0x00000000     0x1f54
 *(.debug_line .debug_line.* .debug_line_end)
 .debug_line    0x00000000       0x1d c:/avr-gcc-5/bin/../lib/gcc/avr/5.2.1/../../../../avr/lib/avr51/crtatmega1284p.o
 .debug_line    0x0000001d      0x441 mainbl.o
 .debug_line    0x0000045e       0xec init.o
 .debug_line    0x0000054a      0x120 system.o
 .debug_line    0x0000066a       0x88 megalol/i2c.o
 .debug_line    0x000006f2      0x4b0 megalol/i2c_internal.o
 .debug_line    0x00000ba2       0xe9 circbuf.o
 .debug_line    0x00000c8b      0x445 dbg.o
 .debug_line    0x000010d0      0x165 serial.o
 .debug_line    0x00001235      0x1c7 serial1.o
 .debug_line    0x000013fc       0x9d adc.o
 .debug_line    0x00001499      0x56a stk500.o
 .debug_line    0x00001a03       0xe9 c:/avr-gcc-5/bin/../lib/gcc/avr/5.2.1/avr51\libgcc.a(_udivmodhi4.o)
 .debug_line    0x00001aec      0x13d c:/avr-gcc-5/bin/../lib/gcc/avr/5.2.1/avr51\libgcc.a(_udivmodsi4.o)
 .debug_line    0x00001c29       0x7d c:/avr-gcc-5/bin/../lib/gcc/avr/5.2.1/avr51\libgcc.a(_exit.o)
 .debug_line    0x00001ca6       0xbf c:/avr-gcc-5/bin/../lib/gcc/avr/5.2.1/avr51\libgcc.a(_copy_data.o)
 .debug_line    0x00001d65       0xa1 c:/avr-gcc-5/bin/../lib/gcc/avr/5.2.1/avr51\libgcc.a(_clear_bss.o)
 .debug_line    0x00001e06       0x83 c:/avr-gcc-5/bin/../lib/gcc/avr/5.2.1/avr51\libgcc.a(_bswapsi2.o)
 .debug_line    0x00001e89       0xcb c:/avr-gcc-5/bin/../lib/gcc/avr/5.2.1/avr51\libgcc.a(_umulhisi3.o)

.debug_frame    0x00000000      0xaf8
 *(.debug_frame)
 .debug_frame   0x00000000      0x1d4 mainbl.o
 .debug_frame   0x000001d4       0x64 init.o
 .debug_frame   0x00000238       0xc8 system.o
 .debug_frame   0x00000300       0x24 megalol/i2c.o
 .debug_frame   0x00000324      0x18c megalol/i2c_internal.o
 .debug_frame   0x000004b0       0xa0 circbuf.o
 .debug_frame   0x00000550      0x1f0 dbg.o
 .debug_frame   0x00000740       0xb8 serial.o
 .debug_frame   0x000007f8      0x1ac serial1.o
 .debug_frame   0x000009a4       0x24 adc.o
 .debug_frame   0x000009c8      0x130 stk500.o

.debug_str      0x00000000      0xf33
 *(.debug_str)
 .debug_str     0x00000000      0x299 c:/avr-gcc-5/bin/../lib/gcc/avr/5.2.1/../../../../avr/lib/avr51/crtatmega1284p.o
 .debug_str     0x00000299      0x365 mainbl.o
                                0x3b8 (size before relaxing)
 .debug_str     0x000005fe       0x2f init.o
                                0x193 (size before relaxing)
 .debug_str     0x0000062d       0x43 system.o
                                0x1dc (size before relaxing)
 .debug_str     0x00000670       0x23 megalol/i2c.o
                                0x179 (size before relaxing)
 .debug_str     0x00000693      0x396 megalol/i2c_internal.o
                                0x59a (size before relaxing)
 .debug_str     0x00000a29       0x91 circbuf.o
                                0x1ec (size before relaxing)
 .debug_str     0x00000aba      0x1e7 dbg.o
                                0x4e7 (size before relaxing)
 .debug_str     0x00000ca1       0xa7 serial.o
                                0x2f4 (size before relaxing)
 .debug_str     0x00000d48       0xd0 serial1.o
                                0x303 (size before relaxing)
 .debug_str     0x00000e18       0x8d adc.o
                                0x1f6 (size before relaxing)
 .debug_str     0x00000ea5       0x8e stk500.o
                                0x2d9 (size before relaxing)

.debug_loc      0x00000000     0x2a06
 *(.debug_loc)
 .debug_loc     0x00000000      0x617 mainbl.o
 .debug_loc     0x00000617      0x293 system.o
 .debug_loc     0x000008aa      0x44d megalol/i2c_internal.o
 .debug_loc     0x00000cf7      0x1b4 circbuf.o
 .debug_loc     0x00000eab      0x7e5 dbg.o
 .debug_loc     0x00001690      0x384 serial.o
 .debug_loc     0x00001a14      0x41f serial1.o
 .debug_loc     0x00001e33       0x3a adc.o
 .debug_loc     0x00001e6d      0xb99 stk500.o

.debug_macinfo
 *(.debug_macinfo)

.debug_weaknames
 *(.debug_weaknames)

.debug_funcnames
 *(.debug_funcnames)

.debug_typenames
 *(.debug_typenames)

.debug_varnames
 *(.debug_varnames)

.debug_pubtypes
 *(.debug_pubtypes)

.debug_ranges   0x00000000       0xa8
 *(.debug_ranges)
 .debug_ranges  0x00000000       0x18 mainbl.o
 .debug_ranges  0x00000018       0x18 system.o
 .debug_ranges  0x00000030       0x30 megalol/i2c_internal.o
 .debug_ranges  0x00000060       0x18 dbg.o
 .debug_ranges  0x00000078       0x30 stk500.o

.debug_macro
 *(.debug_macro)
OUTPUT(mainbl.elf elf32-avr)
LOAD linker stubs

Cross Reference Table

Symbol                                            File
ADC_read                                          adc.o
                                                  stk500.o
Battery_ADC2mv                                    system.o
                                                  stk500.o
SerialData1Rx                                     serial1.o
SerialData1Tx                                     serial1.o
TWI_vect_intx                                     megalol/i2c_internal.o
TWI_vect_statemachine                             megalol/i2c_internal.o
__adc_callback                                    adc.o
__adc_channels                                    adc.o
__adc_channels_ptr                                adc.o
__adc_conversion                                  adc.o
__adc_prescaler                                   adc.o
__adc_sampling                                    adc.o
__bad_interrupt                                   c:/avr-gcc-5/bin/../lib/gcc/avr/5.2.1/../../../../avr/lib/avr51/crtatmega1284p.o
__bss_end                                         c:/avr-gcc-5/bin/../lib/gcc/avr/5.2.1/avr51\libgcc.a(_clear_bss.o)
__bss_start                                       c:/avr-gcc-5/bin/../lib/gcc/avr/5.2.1/avr51\libgcc.a(_clear_bss.o)
__bswapsi2                                        c:/avr-gcc-5/bin/../lib/gcc/avr/5.2.1/avr51\libgcc.a(_bswapsi2.o)
                                                  stk500.o
__data_end                                        c:/avr-gcc-5/bin/../lib/gcc/avr/5.2.1/avr51\libgcc.a(_copy_data.o)
__data_load_start                                 c:/avr-gcc-5/bin/../lib/gcc/avr/5.2.1/avr51\libgcc.a(_copy_data.o)
__data_start                                      c:/avr-gcc-5/bin/../lib/gcc/avr/5.2.1/avr51\libgcc.a(_copy_data.o)
__do_clear_bss                                    c:/avr-gcc-5/bin/../lib/gcc/avr/5.2.1/avr51\libgcc.a(_clear_bss.o)
                                                  c:/avr-gcc-5/bin/../lib/gcc/avr/5.2.1/../../../../avr/lib/avr51\libc.a(iob.o)
                                                  stk500.o
                                                  adc.o
                                                  serial1.o
                                                  serial.o
                                                  dbg.o
                                                  megalol/i2c_internal.o
                                                  mainbl.o
__do_copy_data                                    c:/avr-gcc-5/bin/../lib/gcc/avr/5.2.1/avr51\libgcc.a(_copy_data.o)
                                                  stk500.o
                                                  adc.o
                                                  dbg.o
                                                  megalol/i2c_internal.o
                                                  mainbl.o
__heap_end                                        c:/avr-gcc-5/bin/../lib/gcc/avr/5.2.1/../../../../avr/lib/avr51/crtatmega1284p.o
__init                                            c:/avr-gcc-5/bin/../lib/gcc/avr/5.2.1/../../../../avr/lib/avr51/crtatmega1284p.o
__iob                                             c:/avr-gcc-5/bin/../lib/gcc/avr/5.2.1/../../../../avr/lib/avr51\libc.a(iob.o)
                                                  serial.o
__stack                                           c:/avr-gcc-5/bin/../lib/gcc/avr/5.2.1/../../../../avr/lib/avr51/crtatmega1284p.o
__udivmodhi4                                      c:/avr-gcc-5/bin/../lib/gcc/avr/5.2.1/avr51\libgcc.a(_udivmodhi4.o)
                                                  stk500.o
__udivmodsi4                                      c:/avr-gcc-5/bin/../lib/gcc/avr/5.2.1/avr51\libgcc.a(_udivmodsi4.o)
                                                  system.o
__umulhisi3                                       c:/avr-gcc-5/bin/../lib/gcc/avr/5.2.1/avr51\libgcc.a(_umulhisi3.o)
                                                  system.o
__vector_1                                        c:/avr-gcc-5/bin/../lib/gcc/avr/5.2.1/../../../../avr/lib/avr51/crtatmega1284p.o
__vector_10                                       c:/avr-gcc-5/bin/../lib/gcc/avr/5.2.1/../../../../avr/lib/avr51/crtatmega1284p.o
__vector_11                                       c:/avr-gcc-5/bin/../lib/gcc/avr/5.2.1/../../../../avr/lib/avr51/crtatmega1284p.o
__vector_12                                       c:/avr-gcc-5/bin/../lib/gcc/avr/5.2.1/../../../../avr/lib/avr51/crtatmega1284p.o
__vector_13                                       mainbl.o
                                                  c:/avr-gcc-5/bin/../lib/gcc/avr/5.2.1/../../../../avr/lib/avr51/crtatmega1284p.o
__vector_14                                       c:/avr-gcc-5/bin/../lib/gcc/avr/5.2.1/../../../../avr/lib/avr51/crtatmega1284p.o
__vector_15                                       c:/avr-gcc-5/bin/../lib/gcc/avr/5.2.1/../../../../avr/lib/avr51/crtatmega1284p.o
__vector_16                                       c:/avr-gcc-5/bin/../lib/gcc/avr/5.2.1/../../../../avr/lib/avr51/crtatmega1284p.o
__vector_17                                       c:/avr-gcc-5/bin/../lib/gcc/avr/5.2.1/../../../../avr/lib/avr51/crtatmega1284p.o
__vector_18                                       c:/avr-gcc-5/bin/../lib/gcc/avr/5.2.1/../../../../avr/lib/avr51/crtatmega1284p.o
__vector_19                                       c:/avr-gcc-5/bin/../lib/gcc/avr/5.2.1/../../../../avr/lib/avr51/crtatmega1284p.o
__vector_2                                        c:/avr-gcc-5/bin/../lib/gcc/avr/5.2.1/../../../../avr/lib/avr51/crtatmega1284p.o
__vector_20                                       c:/avr-gcc-5/bin/../lib/gcc/avr/5.2.1/../../../../avr/lib/avr51/crtatmega1284p.o
__vector_21                                       c:/avr-gcc-5/bin/../lib/gcc/avr/5.2.1/../../../../avr/lib/avr51/crtatmega1284p.o
__vector_22                                       c:/avr-gcc-5/bin/../lib/gcc/avr/5.2.1/../../../../avr/lib/avr51/crtatmega1284p.o
__vector_23                                       c:/avr-gcc-5/bin/../lib/gcc/avr/5.2.1/../../../../avr/lib/avr51/crtatmega1284p.o
__vector_24                                       c:/avr-gcc-5/bin/../lib/gcc/avr/5.2.1/../../../../avr/lib/avr51/crtatmega1284p.o
__vector_25                                       c:/avr-gcc-5/bin/../lib/gcc/avr/5.2.1/../../../../avr/lib/avr51/crtatmega1284p.o
__vector_26                                       megalol/i2c_internal.o
                                                  c:/avr-gcc-5/bin/../lib/gcc/avr/5.2.1/../../../../avr/lib/avr51/crtatmega1284p.o
__vector_27                                       c:/avr-gcc-5/bin/../lib/gcc/avr/5.2.1/../../../../avr/lib/avr51/crtatmega1284p.o
__vector_28                                       serial1.o
                                                  c:/avr-gcc-5/bin/../lib/gcc/avr/5.2.1/../../../../avr/lib/avr51/crtatmega1284p.o
__vector_29                                       serial1.o
                                                  c:/avr-gcc-5/bin/../lib/gcc/avr/5.2.1/../../../../avr/lib/avr51/crtatmega1284p.o
__vector_3                                        c:/avr-gcc-5/bin/../lib/gcc/avr/5.2.1/../../../../avr/lib/avr51/crtatmega1284p.o
__vector_30                                       c:/avr-gcc-5/bin/../lib/gcc/avr/5.2.1/../../../../avr/lib/avr51/crtatmega1284p.o
__vector_31                                       c:/avr-gcc-5/bin/../lib/gcc/avr/5.2.1/../../../../avr/lib/avr51/crtatmega1284p.o
__vector_32                                       c:/avr-gcc-5/bin/../lib/gcc/avr/5.2.1/../../../../avr/lib/avr51/crtatmega1284p.o
__vector_33                                       c:/avr-gcc-5/bin/../lib/gcc/avr/5.2.1/../../../../avr/lib/avr51/crtatmega1284p.o
__vector_34                                       c:/avr-gcc-5/bin/../lib/gcc/avr/5.2.1/../../../../avr/lib/avr51/crtatmega1284p.o
__vector_4                                        c:/avr-gcc-5/bin/../lib/gcc/avr/5.2.1/../../../../avr/lib/avr51/crtatmega1284p.o
__vector_5                                        c:/avr-gcc-5/bin/../lib/gcc/avr/5.2.1/../../../../avr/lib/avr51/crtatmega1284p.o
__vector_6                                        c:/avr-gcc-5/bin/../lib/gcc/avr/5.2.1/../../../../avr/lib/avr51/crtatmega1284p.o
__vector_7                                        c:/avr-gcc-5/bin/../lib/gcc/avr/5.2.1/../../../../avr/lib/avr51/crtatmega1284p.o
__vector_8                                        c:/avr-gcc-5/bin/../lib/gcc/avr/5.2.1/../../../../avr/lib/avr51/crtatmega1284p.o
__vector_9                                        c:/avr-gcc-5/bin/../lib/gcc/avr/5.2.1/../../../../avr/lib/avr51/crtatmega1284p.o
__vector_default                                  c:/avr-gcc-5/bin/../lib/gcc/avr/5.2.1/../../../../avr/lib/avr51/crtatmega1284p.o
__vectors                                         c:/avr-gcc-5/bin/../lib/gcc/avr/5.2.1/../../../../avr/lib/avr51/crtatmega1284p.o
_dbg_newnumtxbeforerx                             dbg.o
_dbg_numtxbeforerx                                dbg.o
_dbg_query_callback1                              dbg.o
_dbg_query_callback2                              dbg.o
_dbg_read_callback                                dbg.o
_dbg_rx_buffer                                    dbg.o
_dbg_rx_readstate                                 dbg.o
_dbg_rx_state                                     dbg.o
_dbg_trans_query1                                 dbg.o
_dbg_trans_query2                                 dbg.o
_dbg_trans_read                                   dbg.o
_dbg_trans_tx                                     dbg.o
_dbg_tx_buffer                                    dbg.o
_dbg_tx_state                                     dbg.o
_dbg_write_callback                               dbg.o
_exit                                             c:/avr-gcc-5/bin/../lib/gcc/avr/5.2.1/avr51\libgcc.a(_exit.o)
_i2c_current_transaction                          megalol/i2c_internal.o
_i2c_current_transaction_address                  megalol/i2c_internal.o
_i2c_current_transaction_callback                 megalol/i2c_internal.o
_i2c_current_transaction_data                     megalol/i2c_internal.o
_i2c_current_transaction_dodata                   megalol/i2c_internal.o
_i2c_current_transaction_i2cerror                 megalol/i2c_internal.o
_i2c_current_transaction_n                        megalol/i2c_internal.o
_i2c_current_transaction_rw                       megalol/i2c_internal.o
_i2c_current_transaction_state                    megalol/i2c_internal.o
_i2c_current_transaction_status                   megalol/i2c_internal.o
_i2c_transaction_buffer_rd                        megalol/i2c_internal.o
_i2c_transaction_buffer_wr                        megalol/i2c_internal.o
_i2c_transaction_getfree                          megalol/i2c_internal.o
_i2c_transaction_getnext                          megalol/i2c_internal.o
_i2c_transaction_idle                             megalol/i2c_internal.o
_i2c_transaction_pool                             megalol/i2c_internal.o
_i2c_transaction_pool_alloc                       megalol/i2c_internal.o
_i2c_transaction_pool_rd                          megalol/i2c_internal.o
_i2c_transaction_pool_reserved                    megalol/i2c_internal.o
_i2c_transaction_pool_wr                          megalol/i2c_internal.o
_i2c_transaction_put                              megalol/i2c_internal.o
_i2c_transaction_removelinked                     megalol/i2c_internal.o
_serial1_rx_buffer                                serial1.o
_serial1_tx_buffer                                serial1.o
app_start                                         mainbl.o
buffer_clear                                      circbuf.o
                                                  serial1.o
                                                  dbg.o
buffer_freespace                                  circbuf.o
                                                  serial.o
                                                  dbg.o
buffer_get                                        circbuf.o
                                                  serial1.o
                                                  dbg.o
buffer_isempty                                    circbuf.o
                                                  serial1.o
                                                  dbg.o
buffer_isfull                                     circbuf.o
                                                  serial1.o
                                                  dbg.o
buffer_level                                      circbuf.o
                                                  serial.o
                                                  dbg.o
buffer_put                                        circbuf.o
                                                  serial1.o
                                                  dbg.o
buffer_unget                                      circbuf.o
dbg_callback                                      dbg.o
                                                  mainbl.o
dbg_fgetchar                                      dbg.o
                                                  serial.o
dbg_fgetchar_nonblock                             dbg.o
dbg_fputchar                                      dbg.o
                                                  serial.o
dbg_fputchar_nonblock                             dbg.o
dbg_general_busy                                  dbg.o
dbg_general_state                                 dbg.o
dbg_get_rxbuf                                     dbg.o
                                                  serial.o
dbg_get_txbuf                                     dbg.o
                                                  serial.o
dbg_init                                          dbg.o
                                                  mainbl.o
dbg_putbuf                                        dbg.o
                                                  serial.o
dbg_rx_callback                                   dbg.o
                                                  mainbl.o
dbg_rxlevel                                       dbg.o
dbg_setnumtxbeforerx                              dbg.o
                                                  mainbl.o
dbg_tot_rx                                        dbg.o
dbg_tot_tx                                        dbg.o
detectbl                                          mainbl.o
echo_dbg2bt                                       mainbl.o
eeprom_write_byte                                 c:/avr-gcc-5/bin/../lib/gcc/avr/5.2.1/../../../../avr/lib/avr51\libatmega1284p.a(eewr_byte.o)
                                                  stk500.o
eeprom_write_r18                                  c:/avr-gcc-5/bin/../lib/gcc/avr/5.2.1/../../../../avr/lib/avr51\libatmega1284p.a(eewr_byte.o)
exit                                              c:/avr-gcc-5/bin/../lib/gcc/avr/5.2.1/avr51\libgcc.a(_exit.o)
                                                  c:/avr-gcc-5/bin/../lib/gcc/avr/5.2.1/../../../../avr/lib/avr51/crtatmega1284p.o
fgetc                                             c:/avr-gcc-5/bin/../lib/gcc/avr/5.2.1/../../../../avr/lib/avr51\libc.a(fgetc.o)
                                                  mainbl.o
fgetrxbuffree                                     serial.o
fgetrxbuflevel                                    serial.o
                                                  mainbl.o
fgettxbuffree                                     serial.o
fgettxbuflevel                                    serial.o
file_bl                                           stk500.o
                                                  mainbl.o
file_bt                                           mainbl.o
                                                  dbg.o
file_dbg                                          stk500.o
                                                  mainbl.o
file_usb                                          mainbl.o
fputbuf                                           serial.o
fputc                                             c:/avr-gcc-5/bin/../lib/gcc/avr/5.2.1/../../../../avr/lib/avr51\libc.a(fputc.o)
                                                  stk500.o
                                                  dbg.o
                                                  mainbl.o
fputs                                             c:/avr-gcc-5/bin/../lib/gcc/avr/5.2.1/../../../../avr/lib/avr51\libc.a(fputs.o)
                                                  stk500.o
                                                  dbg.o
                                                  mainbl.o
getchar_timeout                                   mainbl.o
                                                  stk500.o
getmessage                                        stk500.o
hex2chr                                           mainbl.o
                                                  dbg.o
i2c_init                                          megalol/i2c.o
                                                  mainbl.o
i2c_intctr                                        megalol/i2c_internal.o
i2c_transaction_buffer                            megalol/i2c_internal.o
i2c_transaction_getqueued                         megalol/i2c_internal.o
i2c_transaction_init                              megalol/i2c_internal.o
                                                  megalol/i2c.o
i2c_transaction_pool_free                         megalol/i2c_internal.o
i2c_transaction_queue                             megalol/i2c_internal.o
                                                  dbg.o
i2c_transaction_setup                             megalol/i2c_internal.o
                                                  dbg.o
init_module                                       init.o
init_portchangeint                                init.o
init_ports                                        init.o
                                                  mainbl.o
init_spi                                          init.o
init_timers                                       init.o
                                                  mainbl.o
main                                              mainbl.o
                                                  c:/avr-gcc-5/bin/../lib/gcc/avr/5.2.1/../../../../avr/lib/avr51/crtatmega1284p.o
mfprintf                                          mainbl.o
                                                  stk500.o
sendchar                                          mainbl.o
                                                  stk500.o
sendmessage                                       stk500.o
                                                  mainbl.o
serial_file                                       serial.o
serial_isblocking                                 serial.o
                                                  serial1.o
                                                  dbg.o
serial_numopen                                    serial.o
serial_open                                       serial.o
                                                  mainbl.o
serial_param                                      serial.o
serial_setblocking                                serial.o
                                                  mainbl.o
shr_u32_10                                        numeric.o
stk500                                            stk500.o
                                                  mainbl.o
system_blink                                      system.o
                                                  mainbl.o
system_chargeled_set                              system.o
system_delay_ms                                   system.o
system_led_set                                    system.o
                                                  mainbl.o
system_led_toggle                                 system.o
                                                  stk500.o
                                                  mainbl.o
time_ms                                           mainbl.o
timer_ms_get                                      mainbl.o
                                                  system.o
uart1_clearbuffers                                serial1.o
uart1_fgetchar_int                                serial1.o
                                                  serial.o
uart1_fgetchar_nonblock_int                       serial1.o
uart1_fputchar_int                                serial1.o
                                                  serial.o
uart1_get_rxbuf                                   serial1.o
                                                  serial.o
uart1_get_txbuf                                   serial1.o
                                                  serial.o
uart1_init                                        serial1.o
                                                  mainbl.o
uart1_rx_callback                                 serial1.o
